________________________________________________________________________________
Miniforge (conda) has been loaded.

WARNING: Login nodes are CPU ONLY. Install pkgs with GPU support on compute
nodes.

- Please create and work in your own conda environments:
    conda create -n myenv python=3.11
    conda activate myenv

- To customize environment or package locations, edit your ~/.condarc:
    envs_dirs:
      - /path/to/your/envs
    pkgs_dirs:
      - /path/to/your/pkgs

  For more information, see:
    https://docs.conda.io/projects/conda/en/latest/configuration.html

- If your personal Conda stops working after unloading this module, try:
    source ~/.bashrc
________________________________________________________________________________

Defaulting to user installation because normal site-packages is not writeable
Collecting flash-attn
  Downloading flash_attn-2.8.3.tar.gz (8.4 MB)
     ━━━━━━━━━━━━━━━━━━━━━━━━━━━━━━━━━━━━━━━━ 8.4/8.4 MB 27.1 MB/s  0:00:00
  Preparing metadata (pyproject.toml): started
  Preparing metadata (pyproject.toml): finished with status 'error'
  error: subprocess-exited-with-error
  
  × Preparing metadata (pyproject.toml) did not run successfully.
  │ exit code: 1
  ╰─> [29 lines of output]
      /gpfs/projects/krishna/envs/eval/lib/python3.10/site-packages/wheel/bdist_wheel.py:4: FutureWarning: The 'wheel' package is no longer the canonical location of the 'bdist_wheel' command, and will be removed in a future release. Please update to setuptools v70.1 or later which contains an integrated version of this command.
        warn(
      <string>:106: UserWarning: flash_attn was requested, but nvcc was not found.  Are you sure your environment has nvcc available?  If you're installing within a container from https://hub.docker.com/r/pytorch/pytorch, only images whose names contain 'devel' will provide nvcc.
      
      
      torch.__version__  = 2.10.0+cu128
      
      
      Traceback (most recent call last):
        File "/gpfs/projects/krishna/envs/eval/lib/python3.10/site-packages/pip/_vendor/pyproject_hooks/_in_process/_in_process.py", line 389, in <module>
          main()
        File "/gpfs/projects/krishna/envs/eval/lib/python3.10/site-packages/pip/_vendor/pyproject_hooks/_in_process/_in_process.py", line 373, in main
          json_out["return_val"] = hook(**hook_input["kwargs"])
        File "/gpfs/projects/krishna/envs/eval/lib/python3.10/site-packages/pip/_vendor/pyproject_hooks/_in_process/_in_process.py", line 175, in prepare_metadata_for_build_wheel
          return hook(metadata_directory, config_settings)
        File "/gpfs/projects/krishna/envs/eval/lib/python3.10/site-packages/setuptools/build_meta.py", line 378, in prepare_metadata_for_build_wheel
          self.run_setup()
        File "/gpfs/projects/krishna/envs/eval/lib/python3.10/site-packages/setuptools/build_meta.py", line 518, in run_setup
          super().run_setup(setup_script=setup_script)
        File "/gpfs/projects/krishna/envs/eval/lib/python3.10/site-packages/setuptools/build_meta.py", line 317, in run_setup
          exec(code, locals())
        File "<string>", line 227, in <module>
        File "/gpfs/projects/krishna/envs/eval/lib/python3.10/site-packages/torch/utils/cpp_extension.py", line 1408, in CUDAExtension
          library_dirs += library_paths(device_type="cuda")
        File "/gpfs/projects/krishna/envs/eval/lib/python3.10/site-packages/torch/utils/cpp_extension.py", line 1634, in library_paths
          if (not os.path.exists(_join_cuda_home(lib_dir)) and
        File "/gpfs/projects/krishna/envs/eval/lib/python3.10/site-packages/torch/utils/cpp_extension.py", line 3102, in _join_cuda_home
          raise OSError('CUDA_HOME environment variable is not set. '
      OSError: CUDA_HOME environment variable is not set. Please set it to your CUDA install root.
      [end of output]
  
  note: This error originates from a subprocess, and is likely not a problem with pip.
error: metadata-generation-failed

× Encountered error while generating package metadata.
╰─> flash-attn

note: This is an issue with the package mentioned above, not pip.
hint: See above for details.
Install complete, testing import...
Traceback (most recent call last):
  File "<string>", line 1, in <module>
ModuleNotFoundError: No module named 'flash_attn'
