________________________________________________________________________________
Miniforge (conda) has been loaded.

WARNING: Login nodes are CPU ONLY. Install pkgs with GPU support on compute
nodes.

- Please create and work in your own conda environments:
    conda create -n myenv python=3.11
    conda activate myenv

- To customize environment or package locations, edit your ~/.condarc:
    envs_dirs:
      - /path/to/your/envs
    pkgs_dirs:
      - /path/to/your/pkgs

  For more information, see:
    https://docs.conda.io/projects/conda/en/latest/configuration.html

- If your personal Conda stops working after unloading this module, try:
    source ~/.bashrc
________________________________________________________________________________

Lmod has detected the following error: Conda is already active (CONDA_PREFIX
is set). Module conda/Miniforge3-25.3.1-3 not loaded. 
While processing the following module(s):
    Module fullname            Module Filename
    ---------------            ---------------
    conda/Miniforge3-25.3.1-3  /gpfs/software/modulefiles/Core/conda/Miniforge3-25.3.1-3.lua

W0217 02:44:11.659000 3322113 site-packages/torch/distributed/run.py:793] 
W0217 02:44:11.659000 3322113 site-packages/torch/distributed/run.py:793] *****************************************
W0217 02:44:11.659000 3322113 site-packages/torch/distributed/run.py:793] Setting OMP_NUM_THREADS environment variable for each process to be 1 in default, to avoid your system being overloaded, please further tune the variable for optimal performance in your application as needed. 
W0217 02:44:11.659000 3322113 site-packages/torch/distributed/run.py:793] *****************************************
RANK: 1, LOCAL_RANK: 1, WORLD_SIZE: 2,LOCAL_WORLD_SIZE: 2, CUDA_VISIBLE_DEVICES: 1
RANK: 0, LOCAL_RANK: 0, WORLD_SIZE: 2,LOCAL_WORLD_SIZE: 2, CUDA_VISIBLE_DEVICES: 0
[2026-02-17 02:44:51] ERROR - misc.py: load_env - 215: Did not detect the .env file at /gpfs/home/linjli/source/SpatialReasoning_Eval/.env, failed to load. 
[2026-02-17 02:44:51] ERROR - misc.py: load_env - 215: Did not detect the .env file at /gpfs/home/linjli/source/SpatialReasoning_Eval/.env, failed to load. 
Please install pyav to use video processing functions.
Please install pyav to use video processing functions.
[2026-02-17 02:50:21] ERROR - misc.py: load_env - 215: Did not detect the .env file at /gpfs/home/linjli/source/SpatialReasoning_Eval/.env, failed to load. 
[2026-02-17 02:50:21] ERROR - misc.py: load_env - 215: Did not detect the .env file at /gpfs/home/linjli/source/SpatialReasoning_Eval/.env, failed to load. 
[2026-02-17 02:50:21] WARNING - RUN - run.py: main - 217: --reuse is not set, will not reuse previous (before one day) temporary files
[rank0]:[W217 02:50:21.953470208 ProcessGroupNCCL.cpp:4115] [PG ID 0 PG GUID 0 Rank 0]  using GPU 0 to perform barrier as devices used by this process are currently unknown. This can potentially cause a hang if this rank to GPU mapping is incorrect.Specify device_ids in barrier() to force use of a particular device,or call init_process_group() with a device_id.
[rank1]:[W217 02:50:21.953619582 ProcessGroupNCCL.cpp:4115] [PG ID 0 PG GUID 0 Rank 1]  using GPU 0 to perform barrier as devices used by this process are currently unknown. This can potentially cause a hang if this rank to GPU mapping is incorrect.Specify device_ids in barrier() to force use of a particular device,or call init_process_group() with a device_id.
[2026-02-17 03:00:12] WARNING - modeling.py: load_state_dict - 1637: The safetensors archive passed at /gpfs/projects/krishna/hf_cache/BAGEL-7B-MoT/ema.safetensors does not contain metadata. Make sure to save your model with the `save_pretrained` method. Defaulting to 'pt' metadata.
--- Logging error ---
Traceback (most recent call last):
  File "/gpfs/projects/krishna/envs/thinkmorph/lib/python3.10/logging/__init__.py", line 1103, in emit
    stream.write(msg + self.terminator)
[2026-02-17 03:00:12] ERROR - RUN - run.py: main - 496: Model bagel_mot x Dataset AI2ThorPT2P_td_ego_dir combination failed: [Errno 122] Disk quota exceeded, skipping this combination.
Traceback (most recent call last):
  File "/gpfs/home/linjli/source/SpatialReasoning_Eval/run.py", line 340, in main
    model = infer_data_job(
  File "/gpfs/home/linjli/source/SpatialReasoning_Eval/vlmeval/inference.py", line 211, in infer_data_job
    model = infer_data(
  File "/gpfs/home/linjli/source/SpatialReasoning_Eval/vlmeval/inference.py", line 124, in infer_data
    model = supported_VLM[model_name](**kwargs) if isinstance(model, str) else model
  File "/gpfs/home/linjli/source/SpatialReasoning_Eval/vlmeval/vlm/ThinkMorph.py", line 140, in __init__
    model = load_checkpoint_and_dispatch(
  File "/gpfs/projects/krishna/envs/thinkmorph/lib/python3.10/site-packages/accelerate/big_modeling.py", line 628, in load_checkpoint_and_dispatch
    load_checkpoint_in_model(
  File "/gpfs/projects/krishna/envs/thinkmorph/lib/python3.10/site-packages/accelerate/utils/modeling.py", line 1960, in load_checkpoint_in_model
    loaded_checkpoint = load_state_dict(checkpoint_file, device_map=device_map)
  File "/gpfs/projects/krishna/envs/thinkmorph/lib/python3.10/site-packages/accelerate/utils/modeling.py", line 1682, in load_state_dict
    progress_bar = tqdm(
  File "/gpfs/projects/krishna/envs/thinkmorph/lib/python3.10/site-packages/accelerate/utils/tqdm.py", line 43, in tqdm
    return _tqdm(*args, **kwargs, disable=disable)
  File "/gpfs/projects/krishna/envs/thinkmorph/lib/python3.10/site-packages/tqdm/asyncio.py", line 24, in __init__
    super().__init__(iterable, *args, **kwargs)
  File "/gpfs/projects/krishna/envs/thinkmorph/lib/python3.10/site-packages/tqdm/std.py", line 1098, in __init__
    self.refresh(lock_args=self.lock_args)
  File "/gpfs/projects/krishna/envs/thinkmorph/lib/python3.10/site-packages/tqdm/std.py", line 1347, in refresh
    self.display()
  File "/gpfs/projects/krishna/envs/thinkmorph/lib/python3.10/site-packages/tqdm/std.py", line 1495, in display
    self.sp(self.__str__() if msg is None else msg)
  File "/gpfs/projects/krishna/envs/thinkmorph/lib/python3.10/site-packages/tqdm/std.py", line 459, in print_status
    fp_write('\r' + s + (' ' * max(last_len[0] - len_s, 0)))
  File "/gpfs/projects/krishna/envs/thinkmorph/lib/python3.10/site-packages/tqdm/std.py", line 452, in fp_write
    fp.write(str(s))
  File "/gpfs/projects/krishna/envs/thinkmorph/lib/python3.10/site-packages/tqdm/utils.py", line 196, in inner
    return func(*args, **kwargs)
OSError: [Errno 122] Disk quota exceeded
[2026-02-17 03:00:12] ERROR - RUN - run.py: main - 496: Model bagel_mot x Dataset AI2ThorPT2P_td_ego_dir combination failed: [Errno 122] Disk quota exceeded, skipping this combination.
Traceback (most recent call last):
  File "/gpfs/home/linjli/source/SpatialReasoning_Eval/run.py", line 340, in main
    model = infer_data_job(
  File "/gpfs/home/linjli/source/SpatialReasoning_Eval/vlmeval/inference.py", line 211, in infer_data_job
    model = infer_data(
  File "/gpfs/home/linjli/source/SpatialReasoning_Eval/vlmeval/inference.py", line 124, in infer_data
    model = supported_VLM[model_name](**kwargs) if isinstance(model, str) else model
  File "/gpfs/home/linjli/source/SpatialReasoning_Eval/vlmeval/vlm/ThinkMorph.py", line 140, in __init__
    model = load_checkpoint_and_dispatch(
  File "/gpfs/projects/krishna/envs/thinkmorph/lib/python3.10/site-packages/accelerate/big_modeling.py", line 628, in load_checkpoint_and_dispatch
    load_checkpoint_in_model(
  File "/gpfs/projects/krishna/envs/thinkmorph/lib/python3.10/site-packages/accelerate/utils/modeling.py", line 1960, in load_checkpoint_in_model
    loaded_checkpoint = load_state_dict(checkpoint_file, device_map=device_map)
  File "/gpfs/projects/krishna/envs/thinkmorph/lib/python3.10/site-packages/accelerate/utils/modeling.py", line 1682, in load_state_dict
    progress_bar = tqdm(
  File "/gpfs/projects/krishna/envs/thinkmorph/lib/python3.10/site-packages/accelerate/utils/tqdm.py", line 43, in tqdm
    return _tqdm(*args, **kwargs, disable=disable)
  File "/gpfs/projects/krishna/envs/thinkmorph/lib/python3.10/site-packages/tqdm/asyncio.py", line 24, in __init__
    super().__init__(iterable, *args, **kwargs)
  File "/gpfs/projects/krishna/envs/thinkmorph/lib/python3.10/site-packages/tqdm/std.py", line 1098, in __init__
    self.refresh(lock_args=self.lock_args)
  File "/gpfs/projects/krishna/envs/thinkmorph/lib/python3.10/site-packages/tqdm/std.py", line 1347, in refresh
    self.display()
  File "/gpfs/projects/krishna/envs/thinkmorph/lib/python3.10/site-packages/tqdm/std.py", line 1495, in display
    self.sp(self.__str__() if msg is None else msg)
  File "/gpfs/projects/krishna/envs/thinkmorph/lib/python3.10/site-packages/tqdm/std.py", line 459, in print_status
    fp_write('\r' + s + (' ' * max(last_len[0] - len_s, 0)))
  File "/gpfs/projects/krishna/envs/thinkmorph/lib/python3.10/site-packages/tqdm/std.py", line 452, in fp_write
    fp.write(str(s))
  File "/gpfs/projects/krishna/envs/thinkmorph/lib/python3.10/site-packages/tqdm/utils.py", line 196, in inner
    return func(*args, **kwargs)
OSError: [Errno 122] Disk quota exceeded
Exception ignored in: <function tqdm.__del__ at 0x1546426c6b00>
Exception ignored in: <function tqdm.__del__ at 0x14e12db62b00>
Traceback (most recent call last):
Traceback (most recent call last):
  File "/gpfs/projects/krishna/envs/thinkmorph/lib/python3.10/site-packages/tqdm/std.py", line 1148, in __del__
  File "/gpfs/projects/krishna/envs/thinkmorph/lib/python3.10/site-packages/tqdm/std.py", line 1148, in __del__
        self.close()self.close()

  File "/gpfs/projects/krishna/envs/thinkmorph/lib/python3.10/site-packages/tqdm/std.py", line 1277, in close
  File "/gpfs/projects/krishna/envs/thinkmorph/lib/python3.10/site-packages/tqdm/std.py", line 1277, in close
    if self.last_print_t < self.start_t + self.delay:
AttributeError: 'tqdm_asyncio' object has no attribute 'last_print_t'    
if self.last_print_t < self.start_t + self.delay:
AttributeError: 'tqdm_asyncio' object has no attribute 'last_print_t'
