________________________________________________________________________________
Miniforge (conda) has been loaded.

WARNING: Login nodes are CPU ONLY. Install pkgs with GPU support on compute
nodes.

- Please create and work in your own conda environments:
    conda create -n myenv python=3.11
    conda activate myenv

- To customize environment or package locations, edit your ~/.condarc:
    envs_dirs:
      - /path/to/your/envs
    pkgs_dirs:
      - /path/to/your/pkgs

  For more information, see:
    https://docs.conda.io/projects/conda/en/latest/configuration.html

- If your personal Conda stops working after unloading this module, try:
    source ~/.bashrc
________________________________________________________________________________

W0217 17:35:10.971000 410234 site-packages/torch/distributed/run.py:793] 
W0217 17:35:10.971000 410234 site-packages/torch/distributed/run.py:793] *****************************************
W0217 17:35:10.971000 410234 site-packages/torch/distributed/run.py:793] Setting OMP_NUM_THREADS environment variable for each process to be 1 in default, to avoid your system being overloaded, please further tune the variable for optimal performance in your application as needed. 
W0217 17:35:10.971000 410234 site-packages/torch/distributed/run.py:793] *****************************************
RANK: 0, LOCAL_RANK: 0, WORLD_SIZE: 2,LOCAL_WORLD_SIZE: 2, CUDA_VISIBLE_DEVICES: 0RANK: 1, LOCAL_RANK: 1, WORLD_SIZE: 2,LOCAL_WORLD_SIZE: 2, CUDA_VISIBLE_DEVICES: 1

[2026-02-17 17:35:37] ERROR - misc.py: load_env - 215: Did not detect the .env file at /gpfs/home/linjli/source/SpatialReasoning_Eval/.env, failed to load. 
[2026-02-17 17:35:37] ERROR - misc.py: load_env - 215: Did not detect the .env file at /gpfs/home/linjli/source/SpatialReasoning_Eval/.env, failed to load. 
Please install pyav to use video processing functions.
Please install pyav to use video processing functions.
[2026-02-17 17:38:26] ERROR - misc.py: load_env - 215: Did not detect the .env file at /gpfs/home/linjli/source/SpatialReasoning_Eval/.env, failed to load. 
[2026-02-17 17:38:26] ERROR - misc.py: load_env - 215: Did not detect the .env file at /gpfs/home/linjli/source/SpatialReasoning_Eval/.env, failed to load. 
[2026-02-17 17:38:26] WARNING - RUN - run.py: main - 217: --reuse is not set, will not reuse previous (before one day) temporary files
[rank1]:[W217 17:38:26.843002530 ProcessGroupNCCL.cpp:4115] [PG ID 0 PG GUID 0 Rank 1]  using GPU 0 to perform barrier as devices used by this process are currently unknown. This can potentially cause a hang if this rank to GPU mapping is incorrect.Specify device_ids in barrier() to force use of a particular device,or call init_process_group() with a device_id.
[rank0]:[W217 17:38:26.843002891 ProcessGroupNCCL.cpp:4115] [PG ID 0 PG GUID 0 Rank 0]  using GPU 0 to perform barrier as devices used by this process are currently unknown. This can potentially cause a hang if this rank to GPU mapping is incorrect.Specify device_ids in barrier() to force use of a particular device,or call init_process_group() with a device_id.
Fetching 14 files:   0%|          | 0/14 [00:00<?, ?it/s]Fetching 14 files:   0%|          | 0/14 [00:00<?, ?it/s]Xet Storage is enabled for this repo, but the 'hf_xet' package is not installed. Falling back to regular HTTP download. For better performance, install the package with: `pip install huggingface_hub[hf_xet]` or `pip install hf_xet`
[2026-02-17 17:39:15] WARNING - file_download.py: _download_to_tmp_and_move - 1736: Xet Storage is enabled for this repo, but the 'hf_xet' package is not installed. Falling back to regular HTTP download. For better performance, install the package with: `pip install huggingface_hub[hf_xet]` or `pip install hf_xet`
Xet Storage is enabled for this repo, but the 'hf_xet' package is not installed. Falling back to regular HTTP download. For better performance, install the package with: `pip install huggingface_hub[hf_xet]` or `pip install hf_xet`
[2026-02-17 17:39:15] WARNING - file_download.py: _download_to_tmp_and_move - 1736: Xet Storage is enabled for this repo, but the 'hf_xet' package is not installed. Falling back to regular HTTP download. For better performance, install the package with: `pip install huggingface_hub[hf_xet]` or `pip install hf_xet`
Fetching 14 files:   7%|▋         | 1/14 [00:00<00:01,  8.20it/s]Fetching 14 files:   7%|▋         | 1/14 [00:00<00:01,  6.73it/s]Fetching 14 files:  14%|█▍        | 2/14 [04:50<29:02, 145.25s/it]
Xet Storage is enabled for this repo, but the 'hf_xet' package is not installed. Falling back to regular HTTP download. For better performance, install the package with: `pip install huggingface_hub[hf_xet]` or `pip install hf_xet`
[2026-02-17 17:44:06] WARNING - file_download.py: _download_to_tmp_and_move - 1736: Xet Storage is enabled for this repo, but the 'hf_xet' package is not installed. Falling back to regular HTTP download. For better performance, install the package with: `pip install huggingface_hub[hf_xet]` or `pip install hf_xet`
Fetching 14 files:  14%|█▍        | 2/14 [04:50<29:03, 145.32s/it]
[2026-02-17T19:35:04.444] error: *** JOB 58996 ON g001 CANCELLED AT 2026-02-17T19:35:04 DUE TO TIME LIMIT ***
