________________________________________________________________________________
Miniforge (conda) has been loaded.

WARNING: Login nodes are CPU ONLY. Install pkgs with GPU support on compute
nodes.

- Please create and work in your own conda environments:
    conda create -n myenv python=3.11
    conda activate myenv

- To customize environment or package locations, edit your ~/.condarc:
    envs_dirs:
      - /path/to/your/envs
    pkgs_dirs:
      - /path/to/your/pkgs

  For more information, see:
    https://docs.conda.io/projects/conda/en/latest/configuration.html

- If your personal Conda stops working after unloading this module, try:
    source ~/.bashrc
________________________________________________________________________________

W0217 00:30:54.873000 3639631 site-packages/torch/distributed/run.py:852] 
W0217 00:30:54.873000 3639631 site-packages/torch/distributed/run.py:852] *****************************************
W0217 00:30:54.873000 3639631 site-packages/torch/distributed/run.py:852] Setting OMP_NUM_THREADS environment variable for each process to be 1 in default, to avoid your system being overloaded, please further tune the variable for optimal performance in your application as needed. 
W0217 00:30:54.873000 3639631 site-packages/torch/distributed/run.py:852] *****************************************
RANK: 1, LOCAL_RANK: 1, WORLD_SIZE: 2,LOCAL_WORLD_SIZE: 2, CUDA_VISIBLE_DEVICES: 1
RANK: 0, LOCAL_RANK: 0, WORLD_SIZE: 2,LOCAL_WORLD_SIZE: 2, CUDA_VISIBLE_DEVICES: 0
[2026-02-17 00:31:34] ERROR - misc.py: load_env - 215: Did not detect the .env file at /gpfs/home/linjli/source/SpatialReasoning_Eval/.env, failed to load. 
[2026-02-17 00:31:34] ERROR - misc.py: load_env - 215: Did not detect the .env file at /gpfs/home/linjli/source/SpatialReasoning_Eval/.env, failed to load. 
Traceback (most recent call last):
  File "/gpfs/home/linjli/source/SpatialReasoning_Eval/run.py", line 42, in <module>
    from vlmeval.config import supported_VLM
  File "/gpfs/home/linjli/source/SpatialReasoning_Eval/vlmeval/__init__.py", line 13, in <module>
    from .api import *
  File "/gpfs/home/linjli/source/SpatialReasoning_Eval/vlmeval/api/__init__.py", line 4, in <module>
    from .qwen_vl_api import QwenVLWrapper, QwenVLAPI, Qwen2VLAPI
  File "/gpfs/home/linjli/source/SpatialReasoning_Eval/vlmeval/api/qwen_vl_api.py", line 8, in <module>
    from vlmeval.vlm.qwen2_vl.prompt import Qwen2VLPromptMixin
  File "/gpfs/home/linjli/source/SpatialReasoning_Eval/vlmeval/vlm/__init__.py", line 5, in <module>
    from .aria import Aria
  File "/gpfs/home/linjli/source/SpatialReasoning_Eval/vlmeval/vlm/aria.py", line 8, in <module>
    from .base import BaseModel
  File "/gpfs/home/linjli/source/SpatialReasoning_Eval/vlmeval/vlm/base.py", line 2, in <module>
    from ..dataset import img_root_map, DATASET_TYPE
  File "/gpfs/home/linjli/source/SpatialReasoning_Eval/vlmeval/dataset/__init__.py", line 89, in <module>
    from .GUI.screenspot import ScreenSpot
  File "/gpfs/home/linjli/source/SpatialReasoning_Eval/vlmeval/dataset/GUI/screenspot.py", line 14, in <module>
    from ipdb import set_trace as st
  File "/gpfs/projects/krishna/envs/eval/lib/python3.10/site-packages/ipdb/__init__.py", line 7, in <module>
    from ipdb.__main__ import set_trace, post_mortem, pm, run, iex        # noqa
  File "/gpfs/projects/krishna/envs/eval/lib/python3.10/site-packages/ipdb/__main__.py", line 15, in <module>
    from IPython import get_ipython
  File "/gpfs/projects/krishna/envs/eval/lib/python3.10/site-packages/IPython/__init__.py", line 55, in <module>
    from .terminal.embed import embed
  File "/gpfs/projects/krishna/envs/eval/lib/python3.10/site-packages/IPython/terminal/embed.py", line 15, in <module>
    from IPython.core.interactiveshell import DummyMod, InteractiveShell
  File "/gpfs/projects/krishna/envs/eval/lib/python3.10/site-packages/IPython/core/interactiveshell.py", line 110, in <module>
    from IPython.core.history import HistoryManager
  File "/gpfs/projects/krishna/envs/eval/lib/python3.10/site-packages/IPython/core/history.py", line 10, in <module>
    import sqlite3
  File "/gpfs/projects/krishna/envs/eval/lib/python3.10/sqlite3/__init__.py", line 57, in <module>
    from sqlite3.dbapi2 import *
  File "/gpfs/projects/krishna/envs/eval/lib/python3.10/sqlite3/dbapi2.py", line 27, in <module>
    from _sqlite3 import *
ImportError: /lib64/libstdc++.so.6: version `CXXABI_1.3.15' not found (required by /gpfs/projects/krishna/envs/eval/lib/python3.10/lib-dynload/../.././libicui18n.so.78)
Traceback (most recent call last):
  File "/gpfs/home/linjli/source/SpatialReasoning_Eval/run.py", line 42, in <module>
    from vlmeval.config import supported_VLM
  File "/gpfs/home/linjli/source/SpatialReasoning_Eval/vlmeval/__init__.py", line 13, in <module>
    from .api import *
  File "/gpfs/home/linjli/source/SpatialReasoning_Eval/vlmeval/api/__init__.py", line 4, in <module>
    from .qwen_vl_api import QwenVLWrapper, QwenVLAPI, Qwen2VLAPI
  File "/gpfs/home/linjli/source/SpatialReasoning_Eval/vlmeval/api/qwen_vl_api.py", line 8, in <module>
    from vlmeval.vlm.qwen2_vl.prompt import Qwen2VLPromptMixin
  File "/gpfs/home/linjli/source/SpatialReasoning_Eval/vlmeval/vlm/__init__.py", line 5, in <module>
    from .aria import Aria
  File "/gpfs/home/linjli/source/SpatialReasoning_Eval/vlmeval/vlm/aria.py", line 8, in <module>
    from .base import BaseModel
  File "/gpfs/home/linjli/source/SpatialReasoning_Eval/vlmeval/vlm/base.py", line 2, in <module>
    from ..dataset import img_root_map, DATASET_TYPE
  File "/gpfs/home/linjli/source/SpatialReasoning_Eval/vlmeval/dataset/__init__.py", line 89, in <module>
    from .GUI.screenspot import ScreenSpot
  File "/gpfs/home/linjli/source/SpatialReasoning_Eval/vlmeval/dataset/GUI/screenspot.py", line 14, in <module>
    from ipdb import set_trace as st
  File "/gpfs/projects/krishna/envs/eval/lib/python3.10/site-packages/ipdb/__init__.py", line 7, in <module>
    from ipdb.__main__ import set_trace, post_mortem, pm, run, iex        # noqa
  File "/gpfs/projects/krishna/envs/eval/lib/python3.10/site-packages/ipdb/__main__.py", line 15, in <module>
    from IPython import get_ipython
  File "/gpfs/projects/krishna/envs/eval/lib/python3.10/site-packages/IPython/__init__.py", line 55, in <module>
    from .terminal.embed import embed
  File "/gpfs/projects/krishna/envs/eval/lib/python3.10/site-packages/IPython/terminal/embed.py", line 15, in <module>
    from IPython.core.interactiveshell import DummyMod, InteractiveShell
  File "/gpfs/projects/krishna/envs/eval/lib/python3.10/site-packages/IPython/core/interactiveshell.py", line 110, in <module>
    from IPython.core.history import HistoryManager
  File "/gpfs/projects/krishna/envs/eval/lib/python3.10/site-packages/IPython/core/history.py", line 10, in <module>
    import sqlite3
  File "/gpfs/projects/krishna/envs/eval/lib/python3.10/sqlite3/__init__.py", line 57, in <module>
    from sqlite3.dbapi2 import *
  File "/gpfs/projects/krishna/envs/eval/lib/python3.10/sqlite3/dbapi2.py", line 27, in <module>
    from _sqlite3 import *
ImportError: /lib64/libstdc++.so.6: version `CXXABI_1.3.15' not found (required by /gpfs/projects/krishna/envs/eval/lib/python3.10/lib-dynload/../.././libicui18n.so.78)
E0217 00:32:53.734000 3639631 site-packages/torch/distributed/elastic/multiprocessing/api.py:984] failed (exitcode: 1) local_rank: 0 (pid: 3639694) of binary: /gpfs/projects/krishna/envs/eval/bin/python3.10
Traceback (most recent call last):
  File "/gpfs/projects/krishna/envs/eval/bin/torchrun", line 7, in <module>
    sys.exit(main())
  File "/gpfs/projects/krishna/envs/eval/lib/python3.10/site-packages/torch/distributed/elastic/multiprocessing/errors/__init__.py", line 362, in wrapper
    return f(*args, **kwargs)
  File "/gpfs/projects/krishna/envs/eval/lib/python3.10/site-packages/torch/distributed/run.py", line 991, in main
    run(args)
  File "/gpfs/projects/krishna/envs/eval/lib/python3.10/site-packages/torch/distributed/run.py", line 982, in run
    elastic_launch(
  File "/gpfs/projects/krishna/envs/eval/lib/python3.10/site-packages/torch/distributed/launcher/api.py", line 170, in __call__
    return launch_agent(self._config, self._entrypoint, list(args))
  File "/gpfs/projects/krishna/envs/eval/lib/python3.10/site-packages/torch/distributed/launcher/api.py", line 317, in launch_agent
    raise ChildFailedError(
torch.distributed.elastic.multiprocessing.errors.ChildFailedError: 
============================================================
run.py FAILED
------------------------------------------------------------
Failures:
[1]:
  time      : 2026-02-17_00:32:53
  host      : g003.hyak.local
  rank      : 1 (local_rank: 1)
  exitcode  : 1 (pid: 3639695)
  error_file: <N/A>
  traceback : To enable traceback see: https://pytorch.org/docs/stable/elastic/errors.html
------------------------------------------------------------
Root Cause (first observed failure):
[0]:
  time      : 2026-02-17_00:32:53
  host      : g003.hyak.local
  rank      : 0 (local_rank: 0)
  exitcode  : 1 (pid: 3639694)
  error_file: <N/A>
  traceback : To enable traceback see: https://pytorch.org/docs/stable/elastic/errors.html
============================================================
