________________________________________________________________________________
Miniforge (conda) has been loaded.

WARNING: Login nodes are CPU ONLY. Install pkgs with GPU support on compute
nodes.

- Please create and work in your own conda environments:
    conda create -n myenv python=3.11
    conda activate myenv

- To customize environment or package locations, edit your ~/.condarc:
    envs_dirs:
      - /path/to/your/envs
    pkgs_dirs:
      - /path/to/your/pkgs

  For more information, see:
    https://docs.conda.io/projects/conda/en/latest/configuration.html

- If your personal Conda stops working after unloading this module, try:
    source ~/.bashrc
________________________________________________________________________________

W0217 00:43:40.366000 3514468 site-packages/torch/distributed/run.py:793] 
W0217 00:43:40.366000 3514468 site-packages/torch/distributed/run.py:793] *****************************************
W0217 00:43:40.366000 3514468 site-packages/torch/distributed/run.py:793] Setting OMP_NUM_THREADS environment variable for each process to be 1 in default, to avoid your system being overloaded, please further tune the variable for optimal performance in your application as needed. 
W0217 00:43:40.366000 3514468 site-packages/torch/distributed/run.py:793] *****************************************
RANK: 0, LOCAL_RANK: 0, WORLD_SIZE: 2,LOCAL_WORLD_SIZE: 2, CUDA_VISIBLE_DEVICES: 0
RANK: 1, LOCAL_RANK: 1, WORLD_SIZE: 2,LOCAL_WORLD_SIZE: 2, CUDA_VISIBLE_DEVICES: 1
Traceback (most recent call last):
  File "/gpfs/home/linjli/source/SpatialReasoning_Eval/run.py", line 42, in <module>
Traceback (most recent call last):
  File "/gpfs/home/linjli/source/SpatialReasoning_Eval/run.py", line 42, in <module>
    from vlmeval.config import supported_VLM
      File "/gpfs/home/linjli/source/SpatialReasoning_Eval/vlmeval/__init__.py", line 10, in <module>
from vlmeval.config import supported_VLM
  File "/gpfs/home/linjli/source/SpatialReasoning_Eval/vlmeval/__init__.py", line 10, in <module>
        from .smp import *from .smp import *

  File "/gpfs/home/linjli/source/SpatialReasoning_Eval/vlmeval/smp/__init__.py", line 1, in <module>
  File "/gpfs/home/linjli/source/SpatialReasoning_Eval/vlmeval/smp/__init__.py", line 1, in <module>
    from .file import *
      File "/gpfs/home/linjli/source/SpatialReasoning_Eval/vlmeval/smp/file.py", line 11, in <module>
from .file import *
  File "/gpfs/home/linjli/source/SpatialReasoning_Eval/vlmeval/smp/file.py", line 11, in <module>
    import validators    
import validatorsModuleNotFoundError
: ModuleNotFoundErrorNo module named 'validators': 
No module named 'validators'
E0217 00:44:00.296000 3514468 site-packages/torch/distributed/elastic/multiprocessing/api.py:869] failed (exitcode: 1) local_rank: 0 (pid: 3514486) of binary: /gpfs/projects/krishna/envs/thinkmorph/bin/python3.10
Traceback (most recent call last):
  File "/gpfs/projects/krishna/envs/thinkmorph/bin/torchrun", line 7, in <module>
    sys.exit(main())
  File "/gpfs/projects/krishna/envs/thinkmorph/lib/python3.10/site-packages/torch/distributed/elastic/multiprocessing/errors/__init__.py", line 355, in wrapper
    return f(*args, **kwargs)
  File "/gpfs/projects/krishna/envs/thinkmorph/lib/python3.10/site-packages/torch/distributed/run.py", line 919, in main
    run(args)
  File "/gpfs/projects/krishna/envs/thinkmorph/lib/python3.10/site-packages/torch/distributed/run.py", line 910, in run
    elastic_launch(
  File "/gpfs/projects/krishna/envs/thinkmorph/lib/python3.10/site-packages/torch/distributed/launcher/api.py", line 138, in __call__
    return launch_agent(self._config, self._entrypoint, list(args))
  File "/gpfs/projects/krishna/envs/thinkmorph/lib/python3.10/site-packages/torch/distributed/launcher/api.py", line 269, in launch_agent
    raise ChildFailedError(
torch.distributed.elastic.multiprocessing.errors.ChildFailedError: 
============================================================
run.py FAILED
------------------------------------------------------------
Failures:
[1]:
  time      : 2026-02-17_00:44:00
  host      : g014.hyak.local
  rank      : 1 (local_rank: 1)
  exitcode  : 1 (pid: 3514487)
  error_file: <N/A>
  traceback : To enable traceback see: https://pytorch.org/docs/stable/elastic/errors.html
------------------------------------------------------------
Root Cause (first observed failure):
[0]:
  time      : 2026-02-17_00:44:00
  host      : g014.hyak.local
  rank      : 0 (local_rank: 0)
  exitcode  : 1 (pid: 3514486)
  error_file: <N/A>
  traceback : To enable traceback see: https://pytorch.org/docs/stable/elastic/errors.html
============================================================
