________________________________________________________________________________
Miniforge (conda) has been loaded.

WARNING: Login nodes are CPU ONLY. Install pkgs with GPU support on compute
nodes.

- Please create and work in your own conda environments:
    conda create -n myenv python=3.11
    conda activate myenv

- To customize environment or package locations, edit your ~/.condarc:
    envs_dirs:
      - /path/to/your/envs
    pkgs_dirs:
      - /path/to/your/pkgs

  For more information, see:
    https://docs.conda.io/projects/conda/en/latest/configuration.html

- If your personal Conda stops working after unloading this module, try:
    source ~/.bashrc
________________________________________________________________________________

W0217 00:34:42.409000 3640815 site-packages/torch/distributed/run.py:852] 
W0217 00:34:42.409000 3640815 site-packages/torch/distributed/run.py:852] *****************************************
W0217 00:34:42.409000 3640815 site-packages/torch/distributed/run.py:852] Setting OMP_NUM_THREADS environment variable for each process to be 1 in default, to avoid your system being overloaded, please further tune the variable for optimal performance in your application as needed. 
W0217 00:34:42.409000 3640815 site-packages/torch/distributed/run.py:852] *****************************************
RANK: 1, LOCAL_RANK: 1, WORLD_SIZE: 2,LOCAL_WORLD_SIZE: 2, CUDA_VISIBLE_DEVICES: 1RANK: 0, LOCAL_RANK: 0, WORLD_SIZE: 2,LOCAL_WORLD_SIZE: 2, CUDA_VISIBLE_DEVICES: 0

[2026-02-17 00:34:44] ERROR - misc.py: load_env - 215: Did not detect the .env file at /gpfs/home/linjli/source/SpatialReasoning_Eval/.env, failed to load. 
[2026-02-17 00:34:44] ERROR - misc.py: load_env - 215: Did not detect the .env file at /gpfs/home/linjli/source/SpatialReasoning_Eval/.env, failed to load. 
Traceback (most recent call last):
  File "/gpfs/home/linjli/source/SpatialReasoning_Eval/run.py", line 42, in <module>
    from vlmeval.config import supported_VLM
  File "/gpfs/home/linjli/source/SpatialReasoning_Eval/vlmeval/__init__.py", line 13, in <module>
    from .api import *
  File "/gpfs/home/linjli/source/SpatialReasoning_Eval/vlmeval/api/__init__.py", line 4, in <module>
    from .qwen_vl_api import QwenVLWrapper, QwenVLAPI, Qwen2VLAPI
  File "/gpfs/home/linjli/source/SpatialReasoning_Eval/vlmeval/api/qwen_vl_api.py", line 8, in <module>
    from vlmeval.vlm.qwen2_vl.prompt import Qwen2VLPromptMixin
  File "/gpfs/home/linjli/source/SpatialReasoning_Eval/vlmeval/vlm/__init__.py", line 8, in <module>
    from .thyme import Thyme
  File "/gpfs/home/linjli/source/SpatialReasoning_Eval/vlmeval/vlm/thyme/__init__.py", line 1, in <module>
    from .model import Thyme
  File "/gpfs/home/linjli/source/SpatialReasoning_Eval/vlmeval/vlm/thyme/model.py", line 10, in <module>
    from transformers.cache_utils import DynamicCache
ModuleNotFoundError: No module named 'transformers'
Traceback (most recent call last):
  File "/gpfs/home/linjli/source/SpatialReasoning_Eval/run.py", line 42, in <module>
    from vlmeval.config import supported_VLM
  File "/gpfs/home/linjli/source/SpatialReasoning_Eval/vlmeval/__init__.py", line 13, in <module>
    from .api import *
  File "/gpfs/home/linjli/source/SpatialReasoning_Eval/vlmeval/api/__init__.py", line 4, in <module>
    from .qwen_vl_api import QwenVLWrapper, QwenVLAPI, Qwen2VLAPI
  File "/gpfs/home/linjli/source/SpatialReasoning_Eval/vlmeval/api/qwen_vl_api.py", line 8, in <module>
    from vlmeval.vlm.qwen2_vl.prompt import Qwen2VLPromptMixin
  File "/gpfs/home/linjli/source/SpatialReasoning_Eval/vlmeval/vlm/__init__.py", line 8, in <module>
    from .thyme import Thyme
  File "/gpfs/home/linjli/source/SpatialReasoning_Eval/vlmeval/vlm/thyme/__init__.py", line 1, in <module>
    from .model import Thyme
  File "/gpfs/home/linjli/source/SpatialReasoning_Eval/vlmeval/vlm/thyme/model.py", line 10, in <module>
    from transformers.cache_utils import DynamicCache
ModuleNotFoundError: No module named 'transformers'
W0217 00:35:47.882000 3640815 site-packages/torch/distributed/elastic/multiprocessing/api.py:1010] Sending process 3640842 closing signal SIGTERM
E0217 00:35:47.914000 3640815 site-packages/torch/distributed/elastic/multiprocessing/api.py:984] failed (exitcode: 1) local_rank: 1 (pid: 3640843) of binary: /gpfs/projects/krishna/envs/eval/bin/python3.10
Traceback (most recent call last):
  File "/gpfs/projects/krishna/envs/eval/bin/torchrun", line 7, in <module>
    sys.exit(main())
  File "/gpfs/projects/krishna/envs/eval/lib/python3.10/site-packages/torch/distributed/elastic/multiprocessing/errors/__init__.py", line 362, in wrapper
    return f(*args, **kwargs)
  File "/gpfs/projects/krishna/envs/eval/lib/python3.10/site-packages/torch/distributed/run.py", line 991, in main
    run(args)
  File "/gpfs/projects/krishna/envs/eval/lib/python3.10/site-packages/torch/distributed/run.py", line 982, in run
    elastic_launch(
  File "/gpfs/projects/krishna/envs/eval/lib/python3.10/site-packages/torch/distributed/launcher/api.py", line 170, in __call__
    return launch_agent(self._config, self._entrypoint, list(args))
  File "/gpfs/projects/krishna/envs/eval/lib/python3.10/site-packages/torch/distributed/launcher/api.py", line 317, in launch_agent
    raise ChildFailedError(
torch.distributed.elastic.multiprocessing.errors.ChildFailedError: 
============================================================
run.py FAILED
------------------------------------------------------------
Failures:
[1]:
  time      : 2026-02-17_00:35:47
  host      : g003.hyak.local
  rank      : 0 (local_rank: 0)
  exitcode  : -15 (pid: 3640842)
  error_file: <N/A>
  traceback : Signal 15 (SIGTERM) received by PID 3640842
------------------------------------------------------------
Root Cause (first observed failure):
[0]:
  time      : 2026-02-17_00:35:47
  host      : g003.hyak.local
  rank      : 1 (local_rank: 1)
  exitcode  : 1 (pid: 3640843)
  error_file: <N/A>
  traceback : To enable traceback see: https://pytorch.org/docs/stable/elastic/errors.html
============================================================
