________________________________________________________________________________
Miniforge (conda) has been loaded.

WARNING: Login nodes are CPU ONLY. Install pkgs with GPU support on compute
nodes.

- Please create and work in your own conda environments:
    conda create -n myenv python=3.11
    conda activate myenv

- To customize environment or package locations, edit your ~/.condarc:
    envs_dirs:
      - /path/to/your/envs
    pkgs_dirs:
      - /path/to/your/pkgs

  For more information, see:
    https://docs.conda.io/projects/conda/en/latest/configuration.html

- If your personal Conda stops working after unloading this module, try:
    source ~/.bashrc
________________________________________________________________________________

W0217 17:35:03.577000 2952524 site-packages/torch/distributed/run.py:793] 
W0217 17:35:03.577000 2952524 site-packages/torch/distributed/run.py:793] *****************************************
W0217 17:35:03.577000 2952524 site-packages/torch/distributed/run.py:793] Setting OMP_NUM_THREADS environment variable for each process to be 1 in default, to avoid your system being overloaded, please further tune the variable for optimal performance in your application as needed. 
W0217 17:35:03.577000 2952524 site-packages/torch/distributed/run.py:793] *****************************************
RANK: 0, LOCAL_RANK: 0, WORLD_SIZE: 2,LOCAL_WORLD_SIZE: 2, CUDA_VISIBLE_DEVICES: 0
RANK: 1, LOCAL_RANK: 1, WORLD_SIZE: 2,LOCAL_WORLD_SIZE: 2, CUDA_VISIBLE_DEVICES: 1
[2026-02-17 17:35:23] ERROR - misc.py: load_env - 215: Did not detect the .env file at /gpfs/home/linjli/source/SpatialReasoning_Eval/.env, failed to load. 
[2026-02-17 17:35:23] ERROR - misc.py: load_env - 215: Did not detect the .env file at /gpfs/home/linjli/source/SpatialReasoning_Eval/.env, failed to load. 
Please install pyav to use video processing functions.
Please install pyav to use video processing functions.
[2026-02-17 17:36:43] ERROR - misc.py: load_env - 215: Did not detect the .env file at /gpfs/home/linjli/source/SpatialReasoning_Eval/.env, failed to load. 
[2026-02-17 17:36:43] ERROR - misc.py: load_env - 215: Did not detect the .env file at /gpfs/home/linjli/source/SpatialReasoning_Eval/.env, failed to load. 
[2026-02-17 17:36:43] WARNING - RUN - run.py: main - 217: --reuse is not set, will not reuse previous (before one day) temporary files
[rank1]:[W217 17:36:44.116697858 ProcessGroupNCCL.cpp:4115] [PG ID 0 PG GUID 0 Rank 1]  using GPU 0 to perform barrier as devices used by this process are currently unknown. This can potentially cause a hang if this rank to GPU mapping is incorrect.Specify device_ids in barrier() to force use of a particular device,or call init_process_group() with a device_id.
[rank0]:[W217 17:36:44.123237700 ProcessGroupNCCL.cpp:4115] [PG ID 0 PG GUID 0 Rank 0]  using GPU 0 to perform barrier as devices used by this process are currently unknown. This can potentially cause a hang if this rank to GPU mapping is incorrect.Specify device_ids in barrier() to force use of a particular device,or call init_process_group() with a device_id.
Fetching 14 files:   0%|          | 0/14 [00:00<?, ?it/s]Fetching 14 files:   0%|          | 0/14 [00:00<?, ?it/s]Xet Storage is enabled for this repo, but the 'hf_xet' package is not installed. Falling back to regular HTTP download. For better performance, install the package with: `pip install huggingface_hub[hf_xet]` or `pip install hf_xet`
[2026-02-17 17:50:05] WARNING - file_download.py: _download_to_tmp_and_move - 1736: Xet Storage is enabled for this repo, but the 'hf_xet' package is not installed. Falling back to regular HTTP download. For better performance, install the package with: `pip install huggingface_hub[hf_xet]` or `pip install hf_xet`
Fetching 14 files:  14%|█▍        | 2/14 [00:00<00:01, 11.00it/s]
Xet Storage is enabled for this repo, but the 'hf_xet' package is not installed. Falling back to regular HTTP download. For better performance, install the package with: `pip install huggingface_hub[hf_xet]` or `pip install hf_xet`
[2026-02-17 17:50:05] WARNING - file_download.py: _download_to_tmp_and_move - 1736: Xet Storage is enabled for this repo, but the 'hf_xet' package is not installed. Falling back to regular HTTP download. For better performance, install the package with: `pip install huggingface_hub[hf_xet]` or `pip install hf_xet`
Fetching 14 files:  14%|█▍        | 2/14 [00:00<00:01,  6.83it/s]
Xet Storage is enabled for this repo, but the 'hf_xet' package is not installed. Falling back to regular HTTP download. For better performance, install the package with: `pip install huggingface_hub[hf_xet]` or `pip install hf_xet`
[2026-02-17 19:46:17] WARNING - file_download.py: _download_to_tmp_and_move - 1736: Xet Storage is enabled for this repo, but the 'hf_xet' package is not installed. Falling back to regular HTTP download. For better performance, install the package with: `pip install huggingface_hub[hf_xet]` or `pip install hf_xet`
[2026-02-17 19:46:17] ERROR - RUN - run.py: main - 496: Model bagel_mot x Dataset AI2ThorPT2P_td_ego_dir_arrow_sideview combination failed: 416 Client Error: Requested Range Not Satisfiable for url: https://cas-bridge.xethub.hf.co/xet-bridge-us/682bbe76b3e985a9dfaf3020/f73eecf7c469ff442523dc712cc161d631df071bf4d9d793494fbf00cdd80a82?X-Amz-Algorithm=AWS4-HMAC-SHA256&X-Amz-Content-Sha256=UNSIGNED-PAYLOAD&X-Amz-Credential=cas%2F20260218%2Fus-east-1%2Fs3%2Faws4_request&X-Amz-Date=20260218T014053Z&X-Amz-Expires=3600&X-Amz-Signature=f9c6833ebba8bdf297842c1fe213933fb1687d4ae4e2626cdb1db102aea84884&X-Amz-SignedHeaders=host&X-Xet-Cas-Uid=public&response-content-disposition=inline%3B+filename*%3DUTF-8%27%27ae.safetensors%3B+filename%3D%22ae.safetensors%22%3B&x-id=GetObject&Expires=1771382453&Policy=eyJTdGF0ZW1lbnQiOlt7IkNvbmRpdGlvbiI6eyJEYXRlTGVzc1RoYW4iOnsiQVdTOkVwb2NoVGltZSI6MTc3MTM4MjQ1M319LCJSZXNvdXJjZSI6Imh0dHBzOi8vY2FzLWJyaWRnZS54ZXRodWIuaGYuY28veGV0LWJyaWRnZS11cy82ODJiYmU3NmIzZTk4NWE5ZGZhZjMwMjAvZjczZWVjZjdjNDY5ZmY0NDI1MjNkYzcxMmNjMTYxZDYzMWRmMDcxYmY0ZDlkNzkzNDk0ZmJmMDBjZGQ4MGE4MioifV19&Signature=Z2cZFKSMLBbp~eb1CQc8V-yFOGkiogaZBIHPAV8U~yT9YOWiFN-jMj9v8TZGafjOoHqK6YZ5r8j3GLQa~TR6ciHjye82VXu54SoGp0dbNEtxdmuX9lkliTD2RcAB0TraRAdAgTDssbb~j6kKnRfF8ARnkYxt4oNBUtvWAhlz8s9OFrs-QoSt4AigC70DG0klnHBNXNrT72M5u5Kp9GDrexRVLQFClP0oeZIG9SLt60nujXzZDd-dc8lVXSyjbSB4WaGO4lyHSQP5-jClR5AT9NP0dFqB0yMHUHEM4FP1Pnjk1IDSlzT6QA3WFFsSm~wmZmonDvSYTxuPH5U2~VWBNw__&Key-Pair-Id=K2L8F4GPSG1IFC. Requested range: bytes=607454284-. Content-Range: bytes */335304388. (Amz CF ID: WHG9ZqqQAJ3p7tY3ZRfshnK-SI4MKGo1k42v3SrornS9p847R1LY2A==), skipping this combination.
Traceback (most recent call last):
  File "/gpfs/home/linjli/.local/lib/python3.10/site-packages/huggingface_hub/utils/_http.py", line 403, in hf_raise_for_status
    response.raise_for_status()
  File "/gpfs/projects/krishna/envs/thinkmorph/lib/python3.10/site-packages/requests/models.py", line 1024, in raise_for_status
    raise HTTPError(http_error_msg, response=self)
requests.exceptions.HTTPError: 416 Client Error: Requested Range Not Satisfiable for url: https://cas-bridge.xethub.hf.co/xet-bridge-us/682bbe76b3e985a9dfaf3020/f73eecf7c469ff442523dc712cc161d631df071bf4d9d793494fbf00cdd80a82?X-Amz-Algorithm=AWS4-HMAC-SHA256&X-Amz-Content-Sha256=UNSIGNED-PAYLOAD&X-Amz-Credential=cas%2F20260218%2Fus-east-1%2Fs3%2Faws4_request&X-Amz-Date=20260218T014053Z&X-Amz-Expires=3600&X-Amz-Signature=f9c6833ebba8bdf297842c1fe213933fb1687d4ae4e2626cdb1db102aea84884&X-Amz-SignedHeaders=host&X-Xet-Cas-Uid=public&response-content-disposition=inline%3B+filename*%3DUTF-8%27%27ae.safetensors%3B+filename%3D%22ae.safetensors%22%3B&x-id=GetObject&Expires=1771382453&Policy=eyJTdGF0ZW1lbnQiOlt7IkNvbmRpdGlvbiI6eyJEYXRlTGVzc1RoYW4iOnsiQVdTOkVwb2NoVGltZSI6MTc3MTM4MjQ1M319LCJSZXNvdXJjZSI6Imh0dHBzOi8vY2FzLWJyaWRnZS54ZXRodWIuaGYuY28veGV0LWJyaWRnZS11cy82ODJiYmU3NmIzZTk4NWE5ZGZhZjMwMjAvZjczZWVjZjdjNDY5ZmY0NDI1MjNkYzcxMmNjMTYxZDYzMWRmMDcxYmY0ZDlkNzkzNDk0ZmJmMDBjZGQ4MGE4MioifV19&Signature=Z2cZFKSMLBbp~eb1CQc8V-yFOGkiogaZBIHPAV8U~yT9YOWiFN-jMj9v8TZGafjOoHqK6YZ5r8j3GLQa~TR6ciHjye82VXu54SoGp0dbNEtxdmuX9lkliTD2RcAB0TraRAdAgTDssbb~j6kKnRfF8ARnkYxt4oNBUtvWAhlz8s9OFrs-QoSt4AigC70DG0klnHBNXNrT72M5u5Kp9GDrexRVLQFClP0oeZIG9SLt60nujXzZDd-dc8lVXSyjbSB4WaGO4lyHSQP5-jClR5AT9NP0dFqB0yMHUHEM4FP1Pnjk1IDSlzT6QA3WFFsSm~wmZmonDvSYTxuPH5U2~VWBNw__&Key-Pair-Id=K2L8F4GPSG1IFC

The above exception was the direct cause of the following exception:

Traceback (most recent call last):
  File "/gpfs/home/linjli/source/SpatialReasoning_Eval/run.py", line 340, in main
    model = infer_data_job(
  File "/gpfs/home/linjli/source/SpatialReasoning_Eval/vlmeval/inference.py", line 211, in infer_data_job
    model = infer_data(
  File "/gpfs/home/linjli/source/SpatialReasoning_Eval/vlmeval/inference.py", line 124, in infer_data
    model = supported_VLM[model_name](**kwargs) if isinstance(model, str) else model
  File "/gpfs/home/linjli/source/SpatialReasoning_Eval/vlmeval/vlm/ThinkMorph.py", line 37, in __init__
    model_path = snapshot_download(repo_id=model_path)
  File "/gpfs/home/linjli/.local/lib/python3.10/site-packages/huggingface_hub/utils/_validators.py", line 114, in _inner_fn
    return fn(*args, **kwargs)
  File "/gpfs/home/linjli/.local/lib/python3.10/site-packages/huggingface_hub/_snapshot_download.py", line 332, in snapshot_download
    thread_map(
  File "/gpfs/projects/krishna/envs/thinkmorph/lib/python3.10/site-packages/tqdm/contrib/concurrent.py", line 69, in thread_map
    return _executor_map(ThreadPoolExecutor, fn, *iterables, **tqdm_kwargs)
  File "/gpfs/projects/krishna/envs/thinkmorph/lib/python3.10/site-packages/tqdm/contrib/concurrent.py", line 51, in _executor_map
    return list(tqdm_class(ex.map(fn, *iterables, chunksize=chunksize), **kwargs))
  File "/gpfs/projects/krishna/envs/thinkmorph/lib/python3.10/site-packages/tqdm/std.py", line 1181, in __iter__
    for obj in iterable:
  File "/gpfs/projects/krishna/envs/thinkmorph/lib/python3.10/concurrent/futures/_base.py", line 621, in result_iterator
    yield _result_or_cancel(fs.pop())
  File "/gpfs/projects/krishna/envs/thinkmorph/lib/python3.10/concurrent/futures/_base.py", line 319, in _result_or_cancel
    return fut.result(timeout)
  File "/gpfs/projects/krishna/envs/thinkmorph/lib/python3.10/concurrent/futures/_base.py", line 458, in result
    return self.__get_result()
  File "/gpfs/projects/krishna/envs/thinkmorph/lib/python3.10/concurrent/futures/_base.py", line 403, in __get_result
    raise self._exception
  File "/gpfs/projects/krishna/envs/thinkmorph/lib/python3.10/concurrent/futures/thread.py", line 58, in run
    result = self.fn(*self.args, **self.kwargs)
  File "/gpfs/home/linjli/.local/lib/python3.10/site-packages/huggingface_hub/_snapshot_download.py", line 306, in _inner_hf_hub_download
    return hf_hub_download(
  File "/gpfs/home/linjli/.local/lib/python3.10/site-packages/huggingface_hub/utils/_validators.py", line 114, in _inner_fn
    return fn(*args, **kwargs)
  File "/gpfs/home/linjli/.local/lib/python3.10/site-packages/huggingface_hub/file_download.py", line 1014, in hf_hub_download
    return _hf_hub_download_to_cache_dir(
  File "/gpfs/home/linjli/.local/lib/python3.10/site-packages/huggingface_hub/file_download.py", line 1175, in _hf_hub_download_to_cache_dir
    _download_to_tmp_and_move(
  File "/gpfs/home/linjli/.local/lib/python3.10/site-packages/huggingface_hub/file_download.py", line 1742, in _download_to_tmp_and_move
    http_get(
  File "/gpfs/home/linjli/.local/lib/python3.10/site-packages/huggingface_hub/file_download.py", line 423, in http_get
    r = _request_wrapper(
  File "/gpfs/home/linjli/.local/lib/python3.10/site-packages/huggingface_hub/file_download.py", line 307, in _request_wrapper
    hf_raise_for_status(response)
  File "/gpfs/home/linjli/.local/lib/python3.10/site-packages/huggingface_hub/utils/_http.py", line 472, in hf_raise_for_status
    raise _format(HfHubHTTPError, message, response) from e
huggingface_hub.errors.HfHubHTTPError: 416 Client Error: Requested Range Not Satisfiable for url: https://cas-bridge.xethub.hf.co/xet-bridge-us/682bbe76b3e985a9dfaf3020/f73eecf7c469ff442523dc712cc161d631df071bf4d9d793494fbf00cdd80a82?X-Amz-Algorithm=AWS4-HMAC-SHA256&X-Amz-Content-Sha256=UNSIGNED-PAYLOAD&X-Amz-Credential=cas%2F20260218%2Fus-east-1%2Fs3%2Faws4_request&X-Amz-Date=20260218T014053Z&X-Amz-Expires=3600&X-Amz-Signature=f9c6833ebba8bdf297842c1fe213933fb1687d4ae4e2626cdb1db102aea84884&X-Amz-SignedHeaders=host&X-Xet-Cas-Uid=public&response-content-disposition=inline%3B+filename*%3DUTF-8%27%27ae.safetensors%3B+filename%3D%22ae.safetensors%22%3B&x-id=GetObject&Expires=1771382453&Policy=eyJTdGF0ZW1lbnQiOlt7IkNvbmRpdGlvbiI6eyJEYXRlTGVzc1RoYW4iOnsiQVdTOkVwb2NoVGltZSI6MTc3MTM4MjQ1M319LCJSZXNvdXJjZSI6Imh0dHBzOi8vY2FzLWJyaWRnZS54ZXRodWIuaGYuY28veGV0LWJyaWRnZS11cy82ODJiYmU3NmIzZTk4NWE5ZGZhZjMwMjAvZjczZWVjZjdjNDY5ZmY0NDI1MjNkYzcxMmNjMTYxZDYzMWRmMDcxYmY0ZDlkNzkzNDk0ZmJmMDBjZGQ4MGE4MioifV19&Signature=Z2cZFKSMLBbp~eb1CQc8V-yFOGkiogaZBIHPAV8U~yT9YOWiFN-jMj9v8TZGafjOoHqK6YZ5r8j3GLQa~TR6ciHjye82VXu54SoGp0dbNEtxdmuX9lkliTD2RcAB0TraRAdAgTDssbb~j6kKnRfF8ARnkYxt4oNBUtvWAhlz8s9OFrs-QoSt4AigC70DG0klnHBNXNrT72M5u5Kp9GDrexRVLQFClP0oeZIG9SLt60nujXzZDd-dc8lVXSyjbSB4WaGO4lyHSQP5-jClR5AT9NP0dFqB0yMHUHEM4FP1Pnjk1IDSlzT6QA3WFFsSm~wmZmonDvSYTxuPH5U2~VWBNw__&Key-Pair-Id=K2L8F4GPSG1IFC. Requested range: bytes=607454284-. Content-Range: bytes */335304388. (Amz CF ID: WHG9ZqqQAJ3p7tY3ZRfshnK-SI4MKGo1k42v3SrornS9p847R1LY2A==)
Xet Storage is enabled for this repo, but the 'hf_xet' package is not installed. Falling back to regular HTTP download. For better performance, install the package with: `pip install huggingface_hub[hf_xet]` or `pip install hf_xet`
[2026-02-17 19:46:20] WARNING - file_download.py: _download_to_tmp_and_move - 1736: Xet Storage is enabled for this repo, but the 'hf_xet' package is not installed. Falling back to regular HTTP download. For better performance, install the package with: `pip install huggingface_hub[hf_xet]` or `pip install hf_xet`
[2026-02-17 19:46:20] ERROR - RUN - run.py: main - 496: Model bagel_mot x Dataset AI2ThorPT2P_td_ego_dir_arrow_sideview combination failed: 416 Client Error: Requested Range Not Satisfiable for url: https://cas-bridge.xethub.hf.co/xet-bridge-us/682bbe76b3e985a9dfaf3020/f73eecf7c469ff442523dc712cc161d631df071bf4d9d793494fbf00cdd80a82?X-Amz-Algorithm=AWS4-HMAC-SHA256&X-Amz-Content-Sha256=UNSIGNED-PAYLOAD&X-Amz-Credential=cas%2F20260218%2Fus-east-1%2Fs3%2Faws4_request&X-Amz-Date=20260218T014312Z&X-Amz-Expires=3600&X-Amz-Signature=294060e59333c1173e4dcb26d97696d453c23cec4f90f38a9ee17f1e72aab028&X-Amz-SignedHeaders=host&X-Xet-Cas-Uid=public&response-content-disposition=inline%3B+filename*%3DUTF-8%27%27ae.safetensors%3B+filename%3D%22ae.safetensors%22%3B&x-id=GetObject&Expires=1771382592&Policy=eyJTdGF0ZW1lbnQiOlt7IkNvbmRpdGlvbiI6eyJEYXRlTGVzc1RoYW4iOnsiQVdTOkVwb2NoVGltZSI6MTc3MTM4MjU5Mn19LCJSZXNvdXJjZSI6Imh0dHBzOi8vY2FzLWJyaWRnZS54ZXRodWIuaGYuY28veGV0LWJyaWRnZS11cy82ODJiYmU3NmIzZTk4NWE5ZGZhZjMwMjAvZjczZWVjZjdjNDY5ZmY0NDI1MjNkYzcxMmNjMTYxZDYzMWRmMDcxYmY0ZDlkNzkzNDk0ZmJmMDBjZGQ4MGE4MioifV19&Signature=H0cPr-m4s5fohJNdZ2r-5ItZoXyH5TAlS~tAIMyUeZqbQRq8qhdzwZnh9z9tzZHvN7m4Thr8TBIoh3nr54SBelxKF9lJ17NlDptRxKC8HnIUrRb92n3uu3Tza3w6obY2sWwtGgEL5a1dFDHOXMOAM80t9b5tYN0i6xSZ8LnrJuOineDOtl5vMCP0GbtcjUk7KCJwykJyn8cdwpUV56hq8mKO3aHTcXF9tFTY3uMFrCIledrkYGI3~D-OKpJHz0a~NX-ivA64b2x11pa~8KHlJk6ZpRK4sLA413K~~h7y8ZRvlh2ptynUi6AG5kptwekWFqB9nZIWKi5Rriu2~9HW9g__&Key-Pair-Id=K2L8F4GPSG1IFC. Requested range: bytes=607454284-. Content-Range: bytes */335304388. (Amz CF ID: oAFpghMlJ2YQH86TDWPVAvkdu2LTavP6sKRKzK_h2wJosUfAqHVP9A==), skipping this combination.
Traceback (most recent call last):
  File "/gpfs/home/linjli/.local/lib/python3.10/site-packages/huggingface_hub/utils/_http.py", line 403, in hf_raise_for_status
    response.raise_for_status()
  File "/gpfs/projects/krishna/envs/thinkmorph/lib/python3.10/site-packages/requests/models.py", line 1024, in raise_for_status
    raise HTTPError(http_error_msg, response=self)
requests.exceptions.HTTPError: 416 Client Error: Requested Range Not Satisfiable for url: https://cas-bridge.xethub.hf.co/xet-bridge-us/682bbe76b3e985a9dfaf3020/f73eecf7c469ff442523dc712cc161d631df071bf4d9d793494fbf00cdd80a82?X-Amz-Algorithm=AWS4-HMAC-SHA256&X-Amz-Content-Sha256=UNSIGNED-PAYLOAD&X-Amz-Credential=cas%2F20260218%2Fus-east-1%2Fs3%2Faws4_request&X-Amz-Date=20260218T014312Z&X-Amz-Expires=3600&X-Amz-Signature=294060e59333c1173e4dcb26d97696d453c23cec4f90f38a9ee17f1e72aab028&X-Amz-SignedHeaders=host&X-Xet-Cas-Uid=public&response-content-disposition=inline%3B+filename*%3DUTF-8%27%27ae.safetensors%3B+filename%3D%22ae.safetensors%22%3B&x-id=GetObject&Expires=1771382592&Policy=eyJTdGF0ZW1lbnQiOlt7IkNvbmRpdGlvbiI6eyJEYXRlTGVzc1RoYW4iOnsiQVdTOkVwb2NoVGltZSI6MTc3MTM4MjU5Mn19LCJSZXNvdXJjZSI6Imh0dHBzOi8vY2FzLWJyaWRnZS54ZXRodWIuaGYuY28veGV0LWJyaWRnZS11cy82ODJiYmU3NmIzZTk4NWE5ZGZhZjMwMjAvZjczZWVjZjdjNDY5ZmY0NDI1MjNkYzcxMmNjMTYxZDYzMWRmMDcxYmY0ZDlkNzkzNDk0ZmJmMDBjZGQ4MGE4MioifV19&Signature=H0cPr-m4s5fohJNdZ2r-5ItZoXyH5TAlS~tAIMyUeZqbQRq8qhdzwZnh9z9tzZHvN7m4Thr8TBIoh3nr54SBelxKF9lJ17NlDptRxKC8HnIUrRb92n3uu3Tza3w6obY2sWwtGgEL5a1dFDHOXMOAM80t9b5tYN0i6xSZ8LnrJuOineDOtl5vMCP0GbtcjUk7KCJwykJyn8cdwpUV56hq8mKO3aHTcXF9tFTY3uMFrCIledrkYGI3~D-OKpJHz0a~NX-ivA64b2x11pa~8KHlJk6ZpRK4sLA413K~~h7y8ZRvlh2ptynUi6AG5kptwekWFqB9nZIWKi5Rriu2~9HW9g__&Key-Pair-Id=K2L8F4GPSG1IFC

The above exception was the direct cause of the following exception:

Traceback (most recent call last):
  File "/gpfs/home/linjli/source/SpatialReasoning_Eval/run.py", line 340, in main
    model = infer_data_job(
  File "/gpfs/home/linjli/source/SpatialReasoning_Eval/vlmeval/inference.py", line 211, in infer_data_job
    model = infer_data(
  File "/gpfs/home/linjli/source/SpatialReasoning_Eval/vlmeval/inference.py", line 124, in infer_data
    model = supported_VLM[model_name](**kwargs) if isinstance(model, str) else model
  File "/gpfs/home/linjli/source/SpatialReasoning_Eval/vlmeval/vlm/ThinkMorph.py", line 37, in __init__
    model_path = snapshot_download(repo_id=model_path)
  File "/gpfs/home/linjli/.local/lib/python3.10/site-packages/huggingface_hub/utils/_validators.py", line 114, in _inner_fn
    return fn(*args, **kwargs)
  File "/gpfs/home/linjli/.local/lib/python3.10/site-packages/huggingface_hub/_snapshot_download.py", line 332, in snapshot_download
    thread_map(
  File "/gpfs/projects/krishna/envs/thinkmorph/lib/python3.10/site-packages/tqdm/contrib/concurrent.py", line 69, in thread_map
    return _executor_map(ThreadPoolExecutor, fn, *iterables, **tqdm_kwargs)
  File "/gpfs/projects/krishna/envs/thinkmorph/lib/python3.10/site-packages/tqdm/contrib/concurrent.py", line 51, in _executor_map
    return list(tqdm_class(ex.map(fn, *iterables, chunksize=chunksize), **kwargs))
  File "/gpfs/projects/krishna/envs/thinkmorph/lib/python3.10/site-packages/tqdm/std.py", line 1181, in __iter__
    for obj in iterable:
  File "/gpfs/projects/krishna/envs/thinkmorph/lib/python3.10/concurrent/futures/_base.py", line 621, in result_iterator
    yield _result_or_cancel(fs.pop())
  File "/gpfs/projects/krishna/envs/thinkmorph/lib/python3.10/concurrent/futures/_base.py", line 319, in _result_or_cancel
    return fut.result(timeout)
  File "/gpfs/projects/krishna/envs/thinkmorph/lib/python3.10/concurrent/futures/_base.py", line 458, in result
    return self.__get_result()
  File "/gpfs/projects/krishna/envs/thinkmorph/lib/python3.10/concurrent/futures/_base.py", line 403, in __get_result
    raise self._exception
  File "/gpfs/projects/krishna/envs/thinkmorph/lib/python3.10/concurrent/futures/thread.py", line 58, in run
    result = self.fn(*self.args, **self.kwargs)
  File "/gpfs/home/linjli/.local/lib/python3.10/site-packages/huggingface_hub/_snapshot_download.py", line 306, in _inner_hf_hub_download
    return hf_hub_download(
  File "/gpfs/home/linjli/.local/lib/python3.10/site-packages/huggingface_hub/utils/_validators.py", line 114, in _inner_fn
    return fn(*args, **kwargs)
  File "/gpfs/home/linjli/.local/lib/python3.10/site-packages/huggingface_hub/file_download.py", line 1014, in hf_hub_download
    return _hf_hub_download_to_cache_dir(
  File "/gpfs/home/linjli/.local/lib/python3.10/site-packages/huggingface_hub/file_download.py", line 1175, in _hf_hub_download_to_cache_dir
    _download_to_tmp_and_move(
  File "/gpfs/home/linjli/.local/lib/python3.10/site-packages/huggingface_hub/file_download.py", line 1742, in _download_to_tmp_and_move
    http_get(
  File "/gpfs/home/linjli/.local/lib/python3.10/site-packages/huggingface_hub/file_download.py", line 423, in http_get
    r = _request_wrapper(
  File "/gpfs/home/linjli/.local/lib/python3.10/site-packages/huggingface_hub/file_download.py", line 307, in _request_wrapper
    hf_raise_for_status(response)
  File "/gpfs/home/linjli/.local/lib/python3.10/site-packages/huggingface_hub/utils/_http.py", line 472, in hf_raise_for_status
    raise _format(HfHubHTTPError, message, response) from e
huggingface_hub.errors.HfHubHTTPError: 416 Client Error: Requested Range Not Satisfiable for url: https://cas-bridge.xethub.hf.co/xet-bridge-us/682bbe76b3e985a9dfaf3020/f73eecf7c469ff442523dc712cc161d631df071bf4d9d793494fbf00cdd80a82?X-Amz-Algorithm=AWS4-HMAC-SHA256&X-Amz-Content-Sha256=UNSIGNED-PAYLOAD&X-Amz-Credential=cas%2F20260218%2Fus-east-1%2Fs3%2Faws4_request&X-Amz-Date=20260218T014312Z&X-Amz-Expires=3600&X-Amz-Signature=294060e59333c1173e4dcb26d97696d453c23cec4f90f38a9ee17f1e72aab028&X-Amz-SignedHeaders=host&X-Xet-Cas-Uid=public&response-content-disposition=inline%3B+filename*%3DUTF-8%27%27ae.safetensors%3B+filename%3D%22ae.safetensors%22%3B&x-id=GetObject&Expires=1771382592&Policy=eyJTdGF0ZW1lbnQiOlt7IkNvbmRpdGlvbiI6eyJEYXRlTGVzc1RoYW4iOnsiQVdTOkVwb2NoVGltZSI6MTc3MTM4MjU5Mn19LCJSZXNvdXJjZSI6Imh0dHBzOi8vY2FzLWJyaWRnZS54ZXRodWIuaGYuY28veGV0LWJyaWRnZS11cy82ODJiYmU3NmIzZTk4NWE5ZGZhZjMwMjAvZjczZWVjZjdjNDY5ZmY0NDI1MjNkYzcxMmNjMTYxZDYzMWRmMDcxYmY0ZDlkNzkzNDk0ZmJmMDBjZGQ4MGE4MioifV19&Signature=H0cPr-m4s5fohJNdZ2r-5ItZoXyH5TAlS~tAIMyUeZqbQRq8qhdzwZnh9z9tzZHvN7m4Thr8TBIoh3nr54SBelxKF9lJ17NlDptRxKC8HnIUrRb92n3uu3Tza3w6obY2sWwtGgEL5a1dFDHOXMOAM80t9b5tYN0i6xSZ8LnrJuOineDOtl5vMCP0GbtcjUk7KCJwykJyn8cdwpUV56hq8mKO3aHTcXF9tFTY3uMFrCIledrkYGI3~D-OKpJHz0a~NX-ivA64b2x11pa~8KHlJk6ZpRK4sLA413K~~h7y8ZRvlh2ptynUi6AG5kptwekWFqB9nZIWKi5Rriu2~9HW9g__&Key-Pair-Id=K2L8F4GPSG1IFC. Requested range: bytes=607454284-. Content-Range: bytes */335304388. (Amz CF ID: oAFpghMlJ2YQH86TDWPVAvkdu2LTavP6sKRKzK_h2wJosUfAqHVP9A==)
