________________________________________________________________________________
Miniforge (conda) has been loaded.

WARNING: Login nodes are CPU ONLY. Install pkgs with GPU support on compute
nodes.

- Please create and work in your own conda environments:
    conda create -n myenv python=3.11
    conda activate myenv

- To customize environment or package locations, edit your ~/.condarc:
    envs_dirs:
      - /path/to/your/envs
    pkgs_dirs:
      - /path/to/your/pkgs

  For more information, see:
    https://docs.conda.io/projects/conda/en/latest/configuration.html

- If your personal Conda stops working after unloading this module, try:
    source ~/.bashrc
________________________________________________________________________________

W0217 00:56:10.995000 3518652 site-packages/torch/distributed/run.py:852] 
W0217 00:56:10.995000 3518652 site-packages/torch/distributed/run.py:852] *****************************************
W0217 00:56:10.995000 3518652 site-packages/torch/distributed/run.py:852] Setting OMP_NUM_THREADS environment variable for each process to be 1 in default, to avoid your system being overloaded, please further tune the variable for optimal performance in your application as needed. 
W0217 00:56:10.995000 3518652 site-packages/torch/distributed/run.py:852] *****************************************
Traceback (most recent call last):
  File "/gpfs/projects/krishna/envs/eval/bin/torchrun", line 7, in <module>
    sys.exit(main())
  File "/gpfs/projects/krishna/envs/eval/lib/python3.10/site-packages/torch/distributed/elastic/multiprocessing/errors/__init__.py", line 362, in wrapper
    return f(*args, **kwargs)
  File "/gpfs/projects/krishna/envs/eval/lib/python3.10/site-packages/torch/distributed/run.py", line 991, in main
    run(args)
  File "/gpfs/projects/krishna/envs/eval/lib/python3.10/site-packages/torch/distributed/run.py", line 982, in run
    elastic_launch(
  File "/gpfs/projects/krishna/envs/eval/lib/python3.10/site-packages/torch/distributed/launcher/api.py", line 170, in __call__
    return launch_agent(self._config, self._entrypoint, list(args))
  File "/gpfs/projects/krishna/envs/eval/lib/python3.10/site-packages/torch/distributed/launcher/api.py", line 308, in launch_agent
    result = agent.run()
  File "/gpfs/projects/krishna/envs/eval/lib/python3.10/site-packages/torch/distributed/elastic/metrics/api.py", line 134, in wrapper
    result = f(*args, **kwargs)
  File "/gpfs/projects/krishna/envs/eval/lib/python3.10/site-packages/torch/distributed/elastic/agent/server/api.py", line 731, in run
    result = self._invoke_run(role)
  File "/gpfs/projects/krishna/envs/eval/lib/python3.10/site-packages/torch/distributed/elastic/agent/server/api.py", line 902, in _invoke_run
    self._initialize_workers(self._worker_group)
  File "/gpfs/projects/krishna/envs/eval/lib/python3.10/site-packages/torch/distributed/elastic/metrics/api.py", line 134, in wrapper
    result = f(*args, **kwargs)
  File "/gpfs/projects/krishna/envs/eval/lib/python3.10/site-packages/torch/distributed/elastic/agent/server/api.py", line 699, in _initialize_workers
    self._rendezvous(worker_group)
  File "/gpfs/projects/krishna/envs/eval/lib/python3.10/site-packages/torch/distributed/elastic/metrics/api.py", line 134, in wrapper
    result = f(*args, **kwargs)
  File "/gpfs/projects/krishna/envs/eval/lib/python3.10/site-packages/torch/distributed/elastic/agent/server/api.py", line 514, in _rendezvous
    rdzv_info = spec.rdzv_handler.next_rendezvous()
  File "/gpfs/projects/krishna/envs/eval/lib/python3.10/site-packages/torch/distributed/elastic/rendezvous/static_tcp_rendezvous.py", line 67, in next_rendezvous
    self._store = TCPStore(  # type: ignore[call-arg]
torch.distributed.DistNetworkError: The server socket has failed to listen on any local network address. port: 29500, useIpv6: false, code: -98, name: EADDRINUSE, message: address already in use
